[p.w3layouts.com/demos/july-2016/02-07-2016/aquatic_life/web/index.html]
[backblue.gif]
[fade.gif]
[index.html]
[p.w3layouts.com/demos/july-2016/02-07-2016/aquatic_life/web/css/bootstrap.css]
[p.w3layouts.com/demos/july-2016/02-07-2016/aquatic_life/web/css/style.css]
[p.w3layouts.com/demos/july-2016/02-07-2016/aquatic_life/web/css/owl.carousel.css]
[p.w3layouts.com/demos/july-2016/02-07-2016/aquatic_life/web/js/jquery.min.js]
[m.servedby-buysellads.com/monetization.js]
[p.w3layouts.com/assests/css/font-awesome.min.css]
[p.w3layouts.com/demos/july-2016/02-07-2016/aquatic_life/web/js/jquery.vide.min.js]
[p.w3layouts.com/demos/july-2016/02-07-2016/aquatic_life/web/images/menu.png]
[p.w3layouts.com/demos/july-2016/02-07-2016/aquatic_life/web/about.html]
[p.w3layouts.com/demos/july-2016/02-07-2016/aquatic_life/web/services.html]
[p.w3layouts.com/demos/july-2016/02-07-2016/aquatic_life/web/gallery.html]
[p.w3layouts.com/demos/july-2016/02-07-2016/aquatic_life/web/codes.html]
[p.w3layouts.com/demos/july-2016/02-07-2016/aquatic_life/web/contact.html]
[p.w3layouts.com/demos/july-2016/02-07-2016/aquatic_life/web/images/p3.jpg]
[p.w3layouts.com/demos/july-2016/02-07-2016/aquatic_life/web/images/w1.jpg]
[p.w3layouts.com/demos/july-2016/02-07-2016/aquatic_life/web/images/w2.jpg]
[p.w3layouts.com/demos/july-2016/02-07-2016/aquatic_life/web/images/w3.jpg]
[p.w3layouts.com/demos/july-2016/02-07-2016/aquatic_life/web/images/quote.png]
[p.w3layouts.com/demos/july-2016/02-07-2016/aquatic_life/web/js/owl.carousel.js]
[p.w3layouts.com/demos/july-2016/02-07-2016/aquatic_life/web/images/p1.jpg]
[p.w3layouts.com/demos/july-2016/02-07-2016/aquatic_life/web/images/p2.jpg]
[p.w3layouts.com/demos/july-2016/02-07-2016/aquatic_life/web/index.html]
[p.w3layouts.com/demos/july-2016/02-07-2016/aquatic_life/web/js/bootstrap.min.js]
[fonts.googleapis.com/csse3e5.css]
[fonts.googleapis.com/csse2fc.css]
[p.w3layouts.com/demos/july-2016/02-07-2016/aquatic_life/web/images/2.jpg]
[p.w3layouts.com/demos/july-2016/02-07-2016/aquatic_life/web/images/3.jpg]
[p.w3layouts.com/demos/july-2016/02-07-2016/aquatic_life/web/images/8.jpg]
[p.w3layouts.com/demos/july-2016/02-07-2016/aquatic_life/web/images/7.jpg]
[p.w3layouts.com/demos/july-2016/02-07-2016/aquatic_life/web/images/cir.png]
[p.w3layouts.com/demos/july-2016/02-07-2016/aquatic_life/web/images/t1.jpg]
[p.w3layouts.com/demos/july-2016/02-07-2016/aquatic_life/web/images/t3.jpg]
[p.w3layouts.com/demos/july-2016/02-07-2016/aquatic_life/web/images/t2.jpg]
[p.w3layouts.com/demos/july-2016/02-07-2016/aquatic_life/web/about.html]
[p.w3layouts.com/demos/july-2016/02-07-2016/aquatic_life/web/images/t4.jpg]
[p.w3layouts.com/demos/july-2016/02-07-2016/aquatic_life/web/images/1.jpg]
[p.w3layouts.com/demos/july-2016/02-07-2016/aquatic_life/web/images/6.jpg]
[p.w3layouts.com/demos/july-2016/02-07-2016/aquatic_life/web/services.html]
[p.w3layouts.com/demos/july-2016/02-07-2016/aquatic_life/web/css/swipebox.css]
[p.w3layouts.com/demos/july-2016/02-07-2016/aquatic_life/web/js/jquery.swipebox.min.js]
[p.w3layouts.com/demos/july-2016/02-07-2016/aquatic_life/web/images/4.jpg]
[p.w3layouts.com/demos/july-2016/02-07-2016/aquatic_life/web/gallery.html]
[p.w3layouts.com/demos/july-2016/02-07-2016/aquatic_life/web/images/5.jpg]
[p.w3layouts.com/demos/july-2016/02-07-2016/aquatic_life/web/codes.html]
[p.w3layouts.com/demos/july-2016/02-07-2016/aquatic_life/web/contact.html]
[m.servedby-buysellads.com/monetization.js]
[p.w3layouts.com/demos/july-2016/02-07-2016/aquatic_life/web/js/jquery.min.js]
[p.w3layouts.com/demos/july-2016/02-07-2016/aquatic_life/web/fonts/glyphicons-halflings-regular.eot]
[p.w3layouts.com/demos/july-2016/02-07-2016/aquatic_life/web/js/jquery.vide.min.js]
[p.w3layouts.com/demos/july-2016/02-07-2016/aquatic_life/web/js/owl.carousel.js]
[p.w3layouts.com/demos/july-2016/02-07-2016/aquatic_life/web/images/w2.jpg]
[p.w3layouts.com/demos/july-2016/02-07-2016/aquatic_life/web/images/p2.jpg]
[p.w3layouts.com/demos/july-2016/02-07-2016/aquatic_life/web/js/bootstrap.min.js]
[p.w3layouts.com/demos/july-2016/02-07-2016/aquatic_life/web/images/3.jpg]
[p.w3layouts.com/demos/july-2016/02-07-2016/aquatic_life/web/images/8.jpg]
[p.w3layouts.com/demos/july-2016/02-07-2016/aquatic_life/web/images/t1.jpg]
[p.w3layouts.com/demos/july-2016/02-07-2016/aquatic_life/web/images/t2.jpg]
[p.w3layouts.com/demos/july-2016/02-07-2016/aquatic_life/web/fonts/glyphicons-halflings-regular.29d41d.delayed]
[p.w3layouts.com/demos/july-2016/02-07-2016/aquatic_life/web/images/t4.jpg]
[p.w3layouts.com/demos/july-2016/02-07-2016/aquatic_life/web/images/1.jpg]
[p.w3layouts.com/demos/july-2016/02-07-2016/aquatic_life/web/js/jquery.swipebox.min.js]
[p.w3layouts.com/demos/july-2016/02-07-2016/aquatic_life/web/images/5.jpg]
[p.w3layouts.com/demos/july-2016/02-07-2016/aquatic_life/web/images/2.jpg]
[p.w3layouts.com/demos/july-2016/02-07-2016/aquatic_life/web/images/4.jpg]
[p.w3layouts.com/demos/july-2016/02-07-2016/aquatic_life/web/fonts/glyphicons-halflings-regular.woff]
[p.w3layouts.com/demos/july-2016/02-07-2016/aquatic_life/web/fonts/glyphicons-halflings-regular.ttf]
[p.w3layouts.com/demos/july-2016/02-07-2016/aquatic_life/web/fonts/glyphicons-halflings-regular.svg]
[p.w3layouts.com/demos/july-2016/02-07-2016/aquatic_life/web/images/pagenate.png]
[p.w3layouts.com/demos/july-2016/02-07-2016/aquatic_life/web/css/bootstrap.css]
[p.w3layouts.com/demos/july-2016/02-07-2016/aquatic_life/web/images/ba.jpg]
[p.w3layouts.com/demos/july-2016/02-07-2016/aquatic_life/web/css/style.css]
[p.w3layouts.com/demos/july-2016/02-07-2016/aquatic_life/web/images/img-sprite.png]
[p.w3layouts.com/demos/july-2016/02-07-2016/aquatic_life/web/images/divice-pagenations.png]
[p.w3layouts.com/demos/july-2016/02-07-2016/aquatic_life/web/css/AjaxLoader.gif]
[p.w3layouts.com/demos/july-2016/02-07-2016/aquatic_life/web/css/grabbing.png]
[p.w3layouts.com/demos/july-2016/02-07-2016/aquatic_life/web/css/owl.carousel.css]
[p.w3layouts.com/assests/css/font-awesome.min.css]
[p.w3layouts.com/demos/july-2016/02-07-2016/aquatic_life/web/images/loader.gif]
[p.w3layouts.com/assests/fonts/fontawesome-webfont3e6e.svg]
[p.w3layouts.com/demos/july-2016/02-07-2016/aquatic_life/web/images/icons.png]
[p.w3layouts.com/demos/july-2016/02-07-2016/aquatic_life/web/css/swipebox.css]
[p.w3layouts.com/demos/july-2016/02-07-2016/aquatic_life/web/fonts/glyphicons-halflings-regular.html]
[p.w3layouts.com/demos/july-2016/02-07-2016/aquatic_life/web/fonts/glyphicons-halflings-regulard41d.html]
[p.w3layouts.com/demos/july-2016/02-07-2016/aquatic_life/web/fonts/glyphicons-halflings-regular-2.html]
[p.w3layouts.com/demos/july-2016/02-07-2016/aquatic_life/web/fonts/glyphicons-halflings-regular-3.html]
[p.w3layouts.com/demos/july-2016/02-07-2016/aquatic_life/web/images/pagenate.html]
[p.w3layouts.com/demos/july-2016/02-07-2016/aquatic_life/web/images/divice-pagenations.html]
[p.w3layouts.com/demos/july-2016/02-07-2016/aquatic_life/web/css/AjaxLoader.html]
[p.w3layouts.com/demos/july-2016/02-07-2016/aquatic_life/web/css/grabbing.html]
[p.w3layouts.com/assests/fonts/fontawesome-webfont3e6e.svg]
[p.w3layouts.com/demos/july-2016/02-07-2016/aquatic_life/web/images/loader.html]
[p.w3layouts.com/demos/july-2016/02-07-2016/aquatic_life/web/images/icons.html]
